// Jest Snapshot v1, https://goo.gl/fbAQLP

exports[`renders correctly when there are no items 1`] = `
Array [
  <header
    className="nhsuk-header header"
    role="banner"
  >
    <div
      className="nhsuk-width-container nhsuk-header__container"
    >
      <div
        className="nhsuk-header__logo"
      >
        <a
          aria-label="Trainee Self-Service homepage"
          href="/"
          style={
            Object {
              "display": "block",
            }
          }
        >
          <img
            alt=""
            height="48"
            src="nhs-hee-logo-rev.svg"
            width="230"
          />
        </a>
      </div>
    </div>
  </header>,
  <main
    className="nhsuk-main-wrapper"
    id="maincontent"
  >
    <div
      className="nhsuk-width-container"
    >
      <div
        className="row"
      >
        <div
          className="colText"
        >
          <h1
            className="nhsuk-u-padding-0 nhsuk-u-margin-bottom-2"
          >
            Trainee Self-Service
          </h1>
          <hr
            className="nhsuk-u-padding-0 nhsuk-u-margin-3"
          />
          <p>
            Lorem, ipsum dolor sit amet consectetur adipisicing elit. Quibusdam deleniti placeat eos molestias numquam debitis repellendus quidem, sit non doloremque vero similique tempora odio molestiae rem dignissimos adipisci assumenda laboriosam?
          </p>
        </div>
        <div
          className="colForm"
        >
          <div
            className="Section__container___3YYTG"
            style={Object {}}
          />
        </div>
      </div>
    </div>
  </main>,
  ";",
  <footer>
    <div
      className="nhsuk-footer"
    >
      <div
        className="nhsuk-width-container"
      >
        <h2
          className="nhsuk-u-visually-hidden"
        >
          Support links
        </h2>
        <ul
          className="nhsuk-footer__list"
        >
          <li
            className="nhsuk-footer__list-item"
          >
            <a
              className="nhsuk-footer__list-item-link refLink"
              href="#"
            >
              Contact us
            </a>
          </li>
          <li
            className="nhsuk-footer__list-item"
          >
            <a
              className="nhsuk-footer__list-item-link refLink"
              href="#"
            >
              Privacy policy
            </a>
          </li>
          <li
            className="nhsuk-footer__list-item"
          >
            <a
              className="nhsuk-footer__list-item-link refLink"
              href="#"
            >
              Terms and conditions
            </a>
          </li>
          <li
            className="nhsuk-footer__list-item"
          >
            <a
              className="nhsuk-footer__list-item-link refLink"
              href="#"
            >
              Cookie policy
            </a>
          </li>
        </ul>
        <p
          className="nhsuk-footer__copyright"
        >
          © 
          <a
            href="https://www.hee.nhs.uk"
          >
            hee.nhs.uk
          </a>
        </p>
        <ul
          className="nhsuk-footer__list"
        >
          <li
            className="nhsuk-footer__list-item"
          >
            <a
              className="nhsuk-footer__list-item-link"
            >
              <span
                style={
                  Object {
                    "fontSize": "10pt",
                  }
                }
              >
                version: 0.5.3
              </span>
            </a>
          </li>
        </ul>
      </div>
    </div>
  </footer>,
]
`;
